
=== mpc_household_J4_perfect: 8928 intervals, horizon 24.0h, HiGHS ===
  [perfect] t=    0/8928  SoC= 6.36 kWh  cum solve=    0.3s
  [perfect] t=  288/8928  SoC=10.12 kWh  cum solve=   70.5s
  [perfect] t=  576/8928  SoC=11.76 kWh  cum solve=  170.1s
  [perfect] t=  864/8928  SoC=10.12 kWh  cum solve=  247.3s
  [perfect] t= 1152/8928  SoC=10.12 kWh  cum solve=  318.4s
  [perfect] t= 1440/8928  SoC=10.12 kWh  cum solve=  388.8s
  [perfect] t= 1728/8928  SoC=11.46 kWh  cum solve=  466.3s
  [perfect] t= 2016/8928  SoC=10.12 kWh  cum solve=  537.8s
  [perfect] t= 2304/8928  SoC=11.60 kWh  cum solve=  612.9s
  [perfect] t= 2592/8928  SoC=10.45 kWh  cum solve=  697.9s
  [perfect] t= 2880/8928  SoC=10.96 kWh  cum solve=  794.2s
  [perfect] t= 3168/8928  SoC=10.27 kWh  cum solve=  882.9s
  [perfect] t= 3456/8928  SoC=10.91 kWh  cum solve=  967.0s
  [perfect] t= 3744/8928  SoC= 7.95 kWh  cum solve= 1046.7s
  [perfect] t= 4032/8928  SoC= 6.75 kWh  cum solve= 1124.0s
  [perfect] t= 4320/8928  SoC= 7.45 kWh  cum solve= 1204.8s
  [perfect] t= 4608/8928  SoC= 6.77 kWh  cum solve= 1301.6s
  [perfect] t= 4896/8928  SoC= 6.75 kWh  cum solve= 1378.7s
  [perfect] t= 5184/8928  SoC= 8.33 kWh  cum solve= 1499.6s
  [perfect] t= 5472/8928  SoC=10.19 kWh  cum solve= 1579.7s
  [perfect] t= 5760/8928  SoC=10.12 kWh  cum solve= 1657.8s
  [perfect] t= 6048/8928  SoC=10.12 kWh  cum solve= 1731.9s
  [perfect] t= 6336/8928  SoC=10.12 kWh  cum solve= 1803.0s
  [perfect] t= 6624/8928  SoC=11.51 kWh  cum solve= 1897.2s
  [perfect] t= 6912/8928  SoC=10.12 kWh  cum solve= 1971.8s
  [perfect] t= 7200/8928  SoC=10.12 kWh  cum solve= 2046.7s
  [perfect] t= 7488/8928  SoC=10.86 kWh  cum solve= 2121.2s
  [perfect] t= 7776/8928  SoC=10.12 kWh  cum solve= 2188.7s
  [perfect] t= 8064/8928  SoC=10.12 kWh  cum solve= 2259.2s
  [perfect] t= 8352/8928  SoC=10.12 kWh  cum solve= 2327.6s
  [perfect] t= 8640/8928  SoC=10.41 kWh  cum solve= 2412.6s
  [perfect] t= 8927/8928  SoC=10.12 kWh  cum solve= 2466.5s
Plot saved to plots/mpc_household_J4_perfect.html
--------------------------------------------
  mpc_household_J4_perfect
--------------------------------------------
Grid cost:                    $    73.21
Grid revenue:                 $   117.05
Net profit excl. degradation: $    43.85
Degradation cost (model):     $    15.73   (optimiser's internal PWL cost)
Degradation cost (rainflow):  $    15.11   rel. error 0.042
Net profit incl. degradation: $    28.74   (uses rainflow cost at R_cell=12000)
Life loss: 0.126%   rainflow cycles: 96.5   mean depth 0.10   EFC 9.4
Final SoC: 10.12 kWh   solve time 2466.5s
Price MAE 0.0 $/MWh (rMAE vs naive 0.000; 1h 0.0, 24h 0.0)   net-local MAE 0.00 kW

=== mpc_household_J4_naive: 8928 intervals, horizon 24.0h, HiGHS ===
  [naive] t=    0/8928  SoC= 6.73 kWh  cum solve=    0.4s
  [naive] t=  288/8928  SoC= 9.75 kWh  cum solve=  145.5s
  [naive] t=  576/8928  SoC=11.31 kWh  cum solve=  238.6s
  [naive] t=  864/8928  SoC= 9.96 kWh  cum solve=  365.7s
  [naive] t= 1152/8928  SoC=10.12 kWh  cum solve=  465.1s
  [naive] t= 1440/8928  SoC=10.12 kWh  cum solve=  552.3s
  [naive] t= 1728/8928  SoC=11.55 kWh  cum solve=  658.8s
  [naive] t= 2016/8928  SoC=13.15 kWh  cum solve=  755.4s
  [naive] t= 2304/8928  SoC=10.12 kWh  cum solve=  878.5s
  [naive] t= 2592/8928  SoC= 9.96 kWh  cum solve= 1000.6s
  [naive] t= 2880/8928  SoC=10.51 kWh  cum solve= 1113.8s
  [naive] t= 3168/8928  SoC=10.35 kWh  cum solve= 1232.6s
  [naive] t= 3456/8928  SoC=10.12 kWh  cum solve= 1335.1s
  [naive] t= 3744/8928  SoC= 7.61 kWh  cum solve= 1419.7s
  [naive] t= 4032/8928  SoC= 7.35 kWh  cum solve= 1508.3s
  [naive] t= 4320/8928  SoC= 9.66 kWh  cum solve= 1597.2s
  [naive] t= 4608/8928  SoC=10.12 kWh  cum solve= 1707.3s
  [naive] t= 4896/8928  SoC=12.18 kWh  cum solve= 1817.0s
  [naive] t= 5184/8928  SoC=10.12 kWh  cum solve= 1905.7s
  [naive] t= 5472/8928  SoC=10.05 kWh  cum solve= 1987.3s
  [naive] t= 5760/8928  SoC= 7.91 kWh  cum solve= 2069.6s
  [naive] t= 6048/8928  SoC= 7.91 kWh  cum solve= 2138.9s
  [naive] t= 6336/8928  SoC= 6.75 kWh  cum solve= 2204.0s
  [naive] t= 6624/8928  SoC=11.93 kWh  cum solve= 2262.9s
  [naive] t= 6912/8928  SoC=10.12 kWh  cum solve= 2364.4s
  [naive] t= 7200/8928  SoC=11.70 kWh  cum solve= 2439.1s
  [naive] t= 7488/8928  SoC=11.45 kWh  cum solve= 2540.2s
  [naive] t= 7776/8928  SoC=10.09 kWh  cum solve= 2626.3s
  [naive] t= 8064/8928  SoC=11.38 kWh  cum solve= 2703.7s
  [naive] t= 8352/8928  SoC= 9.05 kWh  cum solve= 2786.4s
  [naive] t= 8640/8928  SoC= 9.60 kWh  cum solve= 2855.4s
  [naive] t= 8927/8928  SoC= 9.10 kWh  cum solve= 2893.0s
Plot saved to plots/mpc_household_J4_naive.html
--------------------------------------------
  mpc_household_J4_naive
--------------------------------------------
Grid cost:                    $    87.59
Grid revenue:                 $   119.29
Net profit excl. degradation: $    31.71
Degradation cost (model):     $    16.76   (optimiser's internal PWL cost)
Degradation cost (rainflow):  $    15.79   rel. error 0.062
Net profit incl. degradation: $    15.92   (uses rainflow cost at R_cell=12000)
Life loss: 0.132%   rainflow cycles: 61.5   mean depth 0.16   EFC 9.1
Final SoC: 9.10 kWh   solve time 2893.0s
Price MAE 61.3 $/MWh (rMAE vs naive 1.000; 1h 79.7, 24h 61.1)   net-local MAE 1.15 kW

=== mpc_household_J4_aemo: 8928 intervals, horizon 24.0h, HiGHS ===
  [aemo] t=    0/8928  SoC= 5.77 kWh  cum solve=    0.6s
  [aemo] t=  288/8928  SoC= 7.06 kWh  cum solve=  115.6s
  [aemo] t=  576/8928  SoC=10.68 kWh  cum solve=  240.6s
  [aemo] t=  864/8928  SoC= 9.46 kWh  cum solve=  336.7s
  [aemo] t= 1152/8928  SoC= 9.74 kWh  cum solve=  425.3s
  [aemo] t= 1440/8928  SoC= 9.83 kWh  cum solve=  512.2s
  [aemo] t= 1728/8928  SoC= 9.83 kWh  cum solve=  598.8s
  [aemo] t= 2016/8928  SoC= 9.83 kWh  cum solve=  697.2s
  [aemo] t= 2304/8928  SoC=10.57 kWh  cum solve=  828.2s
  [aemo] t= 2592/8928  SoC= 9.71 kWh  cum solve=  952.6s
  [aemo] t= 2880/8928  SoC= 9.79 kWh  cum solve= 1078.1s
  [aemo] t= 3168/8928  SoC= 9.71 kWh  cum solve= 1200.2s
  [aemo] t= 3456/8928  SoC=10.49 kWh  cum solve= 1308.7s
  [aemo] t= 3744/8928  SoC= 9.17 kWh  cum solve= 1410.3s
  [aemo] t= 4032/8928  SoC=10.22 kWh  cum solve= 1495.0s
  [aemo] t= 4320/8928  SoC= 9.43 kWh  cum solve= 1578.0s
  [aemo] t= 4608/8928  SoC= 9.43 kWh  cum solve= 1672.3s
  [aemo] t= 4896/8928  SoC=10.12 kWh  cum solve= 1789.2s
  [aemo] t= 5184/8928  SoC=10.12 kWh  cum solve= 1870.3s
  [aemo] t= 5472/8928  SoC=10.12 kWh  cum solve= 1957.5s
  [aemo] t= 5760/8928  SoC= 9.23 kWh  cum solve= 2044.1s
  [aemo] t= 6048/8928  SoC= 9.64 kWh  cum solve= 2119.9s
  [aemo] t= 6336/8928  SoC= 8.15 kWh  cum solve= 2185.7s
  [aemo] t= 6624/8928  SoC= 8.96 kWh  cum solve= 2300.0s
  [aemo] t= 6912/8928  SoC= 9.13 kWh  cum solve= 2418.7s
  [aemo] t= 7200/8928  SoC=11.37 kWh  cum solve= 2522.9s
  [aemo] t= 7488/8928  SoC=10.34 kWh  cum solve= 2618.0s
  [aemo] t= 7776/8928  SoC=10.12 kWh  cum solve= 2692.6s
  [aemo] t= 8064/8928  SoC=10.51 kWh  cum solve= 2758.2s
  [aemo] t= 8352/8928  SoC= 9.23 kWh  cum solve= 2831.8s
  [aemo] t= 8640/8928  SoC= 9.27 kWh  cum solve= 2919.6s
  [aemo] t= 8927/8928  SoC= 9.27 kWh  cum solve= 2943.9s
Plot saved to plots/mpc_household_J4_aemo.html
--------------------------------------------
  mpc_household_J4_aemo
--------------------------------------------
Grid cost:                    $    87.51
Grid revenue:                 $   117.75
Net profit excl. degradation: $    30.24
Degradation cost (model):     $    16.60   (optimiser's internal PWL cost)
Degradation cost (rainflow):  $    15.57   rel. error 0.066
Net profit incl. degradation: $    14.67   (uses rainflow cost at R_cell=12000)
Life loss: 0.130%   rainflow cycles: 74.5   mean depth 0.13   EFC 9.1
Final SoC: 9.27 kWh   solve time 2943.9s
Price MAE 161.6 $/MWh (rMAE vs naive 2.634; 1h 112.8, 24h 188.0)   net-local MAE 1.15 kW


==== Forecast study (JAN25, household J=4, R_cell=12000) ====
forecaster  net_profit_ex_degradation  degradation_cost_rainflow  net_profit_incl_degradation  profit_gap_to_perfect  profit_pct_of_perfect  life_loss_pct  equivalent_full_cycles  price_mae  price_median_ae  price_mae_clip1000  price_rmae_vs_naive  price_mae_1h  price_mae_24h  price_fc_spike_frac  net_local_mae_kw  solve_seconds
   perfect                     43.847                     15.105                       28.741                  0.000                100.000          0.126                   9.352      0.000             0.00              11.598                0.000         0.000          0.000                0.001             0.000       2466.534
     naive                     31.706                     15.786                       15.920                 12.822                 55.390          0.132                   9.095     61.342            25.30              53.174                1.000        79.711         61.134                0.004             1.154       2893.036
      aemo                     30.244                     15.571                       14.673                 14.068                 51.053          0.130                   9.080    161.561            16.41              48.949                2.634       112.817        187.979                0.010             1.154       2943.926

Written results/forecast_summary.csv   wall time 3643s
